// Jest Snapshot v1, https://goo.gl/fbAQLP

exports[`matches snapshots 1`] = `
Array [
  <div
    className="form-group"
  >
    <label
      className="form-label"
      htmlFor="roomUrl"
    >
      Invite other players (copy link to the clipboard)
    </label>
    <div
      className="input-group"
    >
      <input
        className="form-control"
        disabled={true}
        id="roomUrl"
        type="text"
        value="http://localhost:3000/rooms/undefined"
      />
      <span
        className="input-group-text"
      >
        <span
          className="cursor-pointer"
          onClick={[Function]}
        >
          <svg
            aria-hidden="true"
            className="svg-inline--fa fa-clipboard fa-w-12 "
            data-icon="clipboard"
            data-prefix="fas"
            focusable="false"
            role="img"
            style={Object {}}
            viewBox="0 0 384 512"
            xmlns="http://www.w3.org/2000/svg"
          >
            <path
              d="M384 112v352c0 26.51-21.49 48-48 48H48c-26.51 0-48-21.49-48-48V112c0-26.51 21.49-48 48-48h80c0-35.29 28.71-64 64-64s64 28.71 64 64h80c26.51 0 48 21.49 48 48zM192 40c-13.255 0-24 10.745-24 24s10.745 24 24 24 24-10.745 24-24-10.745-24-24-24m96 114v-20a6 6 0 0 0-6-6H102a6 6 0 0 0-6 6v20a6 6 0 0 0 6 6h180a6 6 0 0 0 6-6z"
              fill="currentColor"
              style={Object {}}
            />
          </svg>
        </span>
      </span>
    </div>
  </div>,
  <div
    className="row"
  >
    <div
      className="col col-4 p-2"
    >
      <div
        className="cell"
        onClick={[Function]}
        role="button"
        tabIndex="0"
      />
    </div>
    <div
      className="col col-4 p-2"
    >
      <div
        className="cell"
        onClick={[Function]}
        role="button"
        tabIndex="0"
      />
    </div>
    <div
      className="col col-4 p-2"
    >
      <div
        className="cell"
        onClick={[Function]}
        role="button"
        tabIndex="0"
      />
    </div>
    <div
      className="col col-4 p-2"
    >
      <div
        className="cell"
        onClick={[Function]}
        role="button"
        tabIndex="0"
      />
    </div>
    <div
      className="col col-4 p-2"
    >
      <div
        className="cell"
        onClick={[Function]}
        role="button"
        tabIndex="0"
      />
    </div>
    <div
      className="col col-4 p-2"
    >
      <div
        className="cell"
        onClick={[Function]}
        role="button"
        tabIndex="0"
      />
    </div>
    <div
      className="col col-4 p-2"
    >
      <div
        className="cell"
        onClick={[Function]}
        role="button"
        tabIndex="0"
      />
    </div>
    <div
      className="col col-4 p-2"
    >
      <div
        className="cell"
        onClick={[Function]}
        role="button"
        tabIndex="0"
      />
    </div>
    <div
      className="col col-4 p-2"
    >
      <div
        className="cell"
        onClick={[Function]}
        role="button"
        tabIndex="0"
      />
    </div>
  </div>,
]
`;
