// Jest Snapshot v1, https://goo.gl/fbAQLP

exports[`matches snapshots 1`] = `
<div
  className="form-group"
>
  <label
    className="form-label"
    htmlFor="chooseSymbol"
  >
    Choose your symbol
  </label>
  <div
    className="row"
  >
    <div
      className="col"
    >
      <div
        className="card-choice card"
        onClick={[Function]}
      >
        <div
          className="text-center card-body"
        >
          <img
            className=""
            height="100"
            src="/assets/choices/x.png"
            title="Option: x"
            width="100"
          />
        </div>
      </div>
    </div>
    <div
      className="col"
    >
      <div
        className="card-choice card"
        onClick={[Function]}
      >
        <div
          className="text-center card-body"
        >
          <img
            className=""
            height="100"
            src="/assets/choices/o.png"
            title="Option: o"
            width="100"
          />
        </div>
      </div>
    </div>
  </div>
</div>
`;
